<?xml version="1.0" encoding="UTF-8"?>
<TestRun id="1064302d-3a31-4472-8146-14b3bfc76965" name="matt.camilli@TK-423 2012-02-23 11:57:33" runUser="XC\matt.camilli" xmlns="http://microsoft.com/schemas/VisualStudio/TeamTest/2010">
  <TestSettings name="Local" id="b6d0cd76-2b43-4d84-b2ff-264b4e80fa4d">
    <Description>These are default test settings for a local test run.</Description>
    <Deployment enabled="false" runDeploymentRoot="matt.camilli_TK-423 2012-02-23 11_57_33">
      <DeploymentItem filename="C:\Users\matt.camilli\dev\ActivEarth\ActivEarth.Objects\bin\ActivEarth.Objects.dll" />
    </Deployment>
    <Execution>
      <TestTypeSpecific />
      <AgentRule name="Execution Agents">
      </AgentRule>
    </Execution>
  </TestSettings>
  <Times creation="2012-02-23T11:57:33.2598873-05:00" queuing="2012-02-23T11:57:33.2989753-05:00" start="2012-02-23T11:57:33.3028841-05:00" finish="2012-02-23T11:57:33.4670537-05:00" />
  <ResultSummary outcome="Completed">
    <Counters total="1" executed="1" passed="1" error="0" failed="0" timeout="0" aborted="0" inconclusive="0" passedButRunAborted="0" notRunnable="0" notExecuted="0" disconnected="0" warning="0" completed="0" inProgress="0" pending="0" />
  </ResultSummary>
  <TestDefinitions>
    <UnitTest name="TestCalculateBMI" storage="c:\users\matt.camilli\dev\activearth\activearth.tests\bin\debug\activearth.tests.dll" id="c400b4d0-3a6b-2119-1b60-9b7966376ee1">
      <Execution id="44223417-212d-49b9-a015-1aeddd237586" />
      <TestMethod codeBase="C:/Users/matt.camilli/dev/ActivEarth/ActivEarth.Tests/bin/Debug/ActivEarth.Tests.DLL" adapterTypeName="Microsoft.VisualStudio.TestTools.TestTypes.Unit.UnitTestAdapter, Microsoft.VisualStudio.QualityTools.Tips.UnitTest.Adapter, Version=10.0.0.0, Culture=neutral, PublicKeyToken=b03f5f7f11d50a3a" className="ActivEarth.Tests.BMICalculatorTest, ActivEarth.Tests, Version=1.0.0.0, Culture=neutral, PublicKeyToken=null" name="TestCalculateBMI" />
    </UnitTest>
  </TestDefinitions>
  <TestLists>
    <TestList name="Results Not in a List" id="8c84fa94-04c1-424b-9868-57a2d4851a1d" />
    <TestList name="All Loaded Results" id="19431567-8539-422a-85d7-44ee4e166bda" />
  </TestLists>
  <TestEntries>
    <TestEntry testId="c400b4d0-3a6b-2119-1b60-9b7966376ee1" executionId="44223417-212d-49b9-a015-1aeddd237586" testListId="8c84fa94-04c1-424b-9868-57a2d4851a1d" />
  </TestEntries>
  <Results>
    <UnitTestResult executionId="44223417-212d-49b9-a015-1aeddd237586" testId="c400b4d0-3a6b-2119-1b60-9b7966376ee1" testName="TestCalculateBMI" computerName="TK-423" duration="00:00:00.0111248" startTime="2012-02-23T11:57:33.3048385-05:00" endTime="2012-02-23T11:57:33.4572817-05:00" testType="13cdc9d9-ddb5-4fa4-a97d-d965ccfc6d4b" outcome="Passed" testListId="8c84fa94-04c1-424b-9868-57a2d4851a1d" relativeResultsDirectory="44223417-212d-49b9-a015-1aeddd237586">
    </UnitTestResult>
  </Results>
</TestRun>